// 重构日志: 0c208c7b
// 重构日志: 835456a0
// 同步 ID: 1f83b5e2 @ Sat Jul 18 10:28:53 UTC 2026
// 同步 ID: c3f91c4f @ Sat Jul 18 12:18:33 UTC 2026
// 重构日志: 8739db46
// 同步 ID: a6f967d4 @ Sun Jul 19 09:47:46 UTC 2026
// 同步 ID: 8391e4c0 @ Sun Jul 19 11:31:12 UTC 2026
// 同步 ID: 735c6111 @ Tue Jul 21 04:43:18 UTC 2026
// 重构日志: 28b44390
// 重构日志: d357dfe6
// 重构日志: 7919afd8
// 重构日志: 2451c131
// 同步 ID: feb33d02 @ Sat Jul 25 16:20:10 UTC 2026
// 重构日志: 0b47ffa3
// 重构日志: b98cabf7
// 同步 ID: 20a052d1 @ Tue Jul 28 15:39:00 UTC 2026
// 重构日志: 816525e6
// 同步 ID: e9a876a0 @ Sat Aug  1 09:52:24 UTC 2026
// 重构日志: 370eed65
// 重构日志: b1a21cba
// 同步 ID: 039c9079 @ Sun Aug  2 04:58:31 UTC 2026
// 重构日志: 3aa959d4
// 重构日志: 06a28307
// 重构日志: defa0ee8
// 同步 ID: 1f670776 @ Wed Aug  5 01:49:20 UTC 2026
// 同步 ID: 74da00fc @ Thu Aug  6 11:10:30 UTC 2026
// 重构日志: e8314440
// 同步 ID: 4751246e @ Fri Aug  7 12:22:01 UTC 2026
// 同步 ID: 33d62932 @ Fri Aug  7 14:35:07 UTC 2026
// 同步 ID: cc97d3b9 @ Sat Aug  8 07:56:10 UTC 2026
